
===========================================================================
 report_power
============================================================================
======================= Fastest Corner ===================================

Group                  Internal  Switching    Leakage      Total
                          Power      Power      Power      Power (Watts)
----------------------------------------------------------------
Sequential             1.44e-02   1.48e-03   6.42e-06   1.59e-02  28.2%
Combinational          1.83e-02   2.20e-02   3.27e-07   4.04e-02  71.8%
Macro                  0.00e+00   0.00e+00   0.00e+00   0.00e+00   0.0%
Pad                    0.00e+00   0.00e+00   0.00e+00   0.00e+00   0.0%
----------------------------------------------------------------
Total                  3.27e-02   2.35e-02   6.75e-06   5.62e-02 100.0%
                          58.2%      41.8%       0.0%

======================= Slowest Corner ===================================

Group                  Internal  Switching    Leakage      Total
                          Power      Power      Power      Power (Watts)
----------------------------------------------------------------
Sequential             9.69e-03   9.62e-04   8.68e-05   1.07e-02  27.8%
Combinational          1.32e-02   1.45e-02   1.67e-04   2.79e-02  72.2%
Macro                  0.00e+00   0.00e+00   0.00e+00   0.00e+00   0.0%
Pad                    0.00e+00   0.00e+00   0.00e+00   0.00e+00   0.0%
----------------------------------------------------------------
Total                  2.29e-02   1.55e-02   2.54e-04   3.86e-02 100.0%
                          59.3%      40.1%       0.7%

======================= Typical Corner ===================================

Group                  Internal  Switching    Leakage      Total
                          Power      Power      Power      Power (Watts)
----------------------------------------------------------------
Sequential             1.24e-02   1.24e-03   6.39e-06   1.37e-02  28.2%
Combinational          1.62e-02   1.86e-02   1.63e-07   3.48e-02  71.8%
Macro                  0.00e+00   0.00e+00   0.00e+00   0.00e+00   0.0%
Pad                    0.00e+00   0.00e+00   0.00e+00   0.00e+00   0.0%
----------------------------------------------------------------
Total                  2.87e-02   1.98e-02   6.55e-06   4.85e-02 100.0%
                          59.1%      40.9%       0.0%

