
===========================================================================
 report_power
============================================================================
======================= Fastest Corner ===================================

Group                  Internal  Switching    Leakage      Total
                          Power      Power      Power      Power (Watts)
----------------------------------------------------------------
Sequential             1.44e-02   1.57e-03   6.42e-06   1.60e-02  27.6%
Combinational          1.84e-02   2.34e-02   3.27e-07   4.18e-02  72.4%
Macro                  0.00e+00   0.00e+00   0.00e+00   0.00e+00   0.0%
Pad                    0.00e+00   0.00e+00   0.00e+00   0.00e+00   0.0%
----------------------------------------------------------------
Total                  3.27e-02   2.50e-02   6.75e-06   5.77e-02 100.0%
                          56.7%      43.3%       0.0%

======================= Slowest Corner ===================================

Group                  Internal  Switching    Leakage      Total
                          Power      Power      Power      Power (Watts)
----------------------------------------------------------------
Sequential             9.68e-03   1.02e-03   8.68e-05   1.08e-02  27.2%
Combinational          1.32e-02   1.54e-02   1.67e-04   2.88e-02  72.8%
Macro                  0.00e+00   0.00e+00   0.00e+00   0.00e+00   0.0%
Pad                    0.00e+00   0.00e+00   0.00e+00   0.00e+00   0.0%
----------------------------------------------------------------
Total                  2.29e-02   1.65e-02   2.54e-04   3.96e-02 100.0%
                          57.8%      41.6%       0.6%

======================= Typical Corner ===================================

Group                  Internal  Switching    Leakage      Total
                          Power      Power      Power      Power (Watts)
----------------------------------------------------------------
Sequential             1.24e-02   1.31e-03   6.39e-06   1.37e-02  27.6%
Combinational          1.62e-02   1.98e-02   1.63e-07   3.60e-02  72.4%
Macro                  0.00e+00   0.00e+00   0.00e+00   0.00e+00   0.0%
Pad                    0.00e+00   0.00e+00   0.00e+00   0.00e+00   0.0%
----------------------------------------------------------------
Total                  2.87e-02   2.11e-02   6.55e-06   4.97e-02 100.0%
                          57.6%      42.4%       0.0%

