
===========================================================================
 report_power
============================================================================
======================= Fastest Corner ===================================

Group                  Internal  Switching    Leakage      Total
                          Power      Power      Power      Power (Watts)
----------------------------------------------------------------
Sequential             1.44e-02   1.39e-03   6.42e-06   1.58e-02  28.9%
Combinational          1.83e-02   2.06e-02   3.27e-07   3.89e-02  71.1%
Macro                  0.00e+00   0.00e+00   0.00e+00   0.00e+00   0.0%
Pad                    0.00e+00   0.00e+00   0.00e+00   0.00e+00   0.0%
----------------------------------------------------------------
Total                  3.27e-02   2.20e-02   6.75e-06   5.47e-02 100.0%
                          59.8%      40.2%       0.0%

======================= Slowest Corner ===================================

Group                  Internal  Switching    Leakage      Total
                          Power      Power      Power      Power (Watts)
----------------------------------------------------------------
Sequential             9.70e-03   9.03e-04   8.68e-05   1.07e-02  28.5%
Combinational          1.32e-02   1.35e-02   1.67e-04   2.69e-02  71.5%
Macro                  0.00e+00   0.00e+00   0.00e+00   0.00e+00   0.0%
Pad                    0.00e+00   0.00e+00   0.00e+00   0.00e+00   0.0%
----------------------------------------------------------------
Total                  2.29e-02   1.44e-02   2.54e-04   3.76e-02 100.0%
                          60.9%      38.4%       0.7%

======================= Typical Corner ===================================

Group                  Internal  Switching    Leakage      Total
                          Power      Power      Power      Power (Watts)
----------------------------------------------------------------
Sequential             1.24e-02   1.16e-03   6.39e-06   1.36e-02  28.8%
Combinational          1.62e-02   1.74e-02   1.63e-07   3.36e-02  71.2%
Macro                  0.00e+00   0.00e+00   0.00e+00   0.00e+00   0.0%
Pad                    0.00e+00   0.00e+00   0.00e+00   0.00e+00   0.0%
----------------------------------------------------------------
Total                  2.87e-02   1.85e-02   6.55e-06   4.72e-02 100.0%
                          60.7%      39.3%       0.0%

